
> sas-cbt-astro@0.0.1 build
> astro build

[2m14:17:35[22m [34m[@astrojs/cloudflare][39m Enabling sessions with Cloudflare KV with the "SESSION" KV binding.
[2m14:17:35[22m [34m[@astrojs/cloudflare][39m If you see the error "Invalid binding `SESSION`" in your build output, you need to add the binding to your wrangler config file.
[33m[1m14:17:35[22m [WARN] [adapter][39m Cloudflare does not support sharp at runtime. However, you can configure `imageService: "compile"` to optimize images with sharp on prerendered pages during build time.
[2m14:17:35[22m [34m[content][39m Syncing content
[2m14:17:35[22m [34m[content][39m Synced content
[2m14:17:35[22m [34m[types][39m Generated [2m74ms[22m
[2m14:17:35[22m [34m[build][39m output: [34m"server"[39m
[2m14:17:35[22m [34m[build][39m mode: [34m"server"[39m
[2m14:17:35[22m [34m[build][39m directory: [34mC:\Users\user\Documents\CODING\SAS\sas-cbt-astro\dist\[39m
[2m14:17:35[22m [34m[build][39m adapter: [32m@astrojs/cloudflare[39m
[2m14:17:35[22m [34m[build][39m Collecting build info...
[2m14:17:35[22m [34m[build][39m [32mΓ£ô Completed in 143ms.[39m
[2m14:17:35[22m [34m[build][39m Building server entrypoints...
[2m14:17:45[22m [34m[vite][39m [32mΓ£ô built in 9.93s[39m
[2m14:17:45[22m [34m[build][39m [32mΓ£ô Completed in 9.98s.[39m

[42m[30m building client (vite) [39m[49m
[2m14:17:45[22m [34m[vite][39m transforming...
[2m14:17:46[22m [34m[vite][39m [32mΓ£ô[39m 34 modules transformed.
[2m14:17:46[22m [34m[vite][39m rendering chunks...
[2m14:17:46[22m [34m[vite][39m computing gzip size...
[2m14:17:46[22m [34m[vite][39m [2mdist/[22m[36m_astro/client.Dt-HMUee.js                                      [39m[1m[2m 0.06 kB[22m[1m[22m[2m Γöé gzip: 0.08 kB[22m
[2m14:17:46[22m [34m[vite][39m [2mdist/[22m[36m_astro/index.astro_astro_type_script_index_0_lang.BncAcS6H.js  [39m[1m[2m 4.82 kB[22m[1m[22m[2m Γöé gzip: 1.63 kB[22m
[2m14:17:46[22m [34m[vite][39m [2mdist/[22m[36m_astro/index.astro_astro_type_script_index_0_lang.FEcA17-E.js  [39m[1m[2m 5.19 kB[22m[1m[22m[2m Γöé gzip: 1.76 kB[22m
[2m14:17:46[22m [34m[vite][39m [2mdist/[22m[36m_astro/signals.module.CY599cp-.js                              [39m[1m[2m 9.25 kB[22m[1m[22m[2m Γöé gzip: 3.52 kB[22m
[2m14:17:46[22m [34m[vite][39m [2mdist/[22m[36m_astro/_id_.astro_astro_type_script_index_0_lang.B7-zwPBT.js   [39m[1m[2m 9.69 kB[22m[1m[22m[2m Γöé gzip: 3.19 kB[22m
[2m14:17:46[22m [34m[vite][39m [2mdist/[22m[36m_astro/client.BTOe5lF4.js                                      [39m[1m[2m12.33 kB[22m[1m[22m[2m Γöé gzip: 5.34 kB[22m
[2m14:17:46[22m [34m[vite][39m [32mΓ£ô built in 1.38s[39m

[42m[30m prerendering static routes [39m[49m
[2m14:17:47[22m [32mΓ£ô Completed in 128ms.
[39m
[2m14:17:47[22m [34m[build][39m Rearranging server assets...
[2m14:17:47[22m [34m[build][39m Server built in [1m11.86s[22m
[2m14:17:47[22m [34m[build][39m [1mComplete![22m
